// Jest Snapshot v1, https://goo.gl/fbAQLP

exports[`Alert close behaviour Removal should persist 1`] = `
"<div><div class=\\"uq-alerts-global-container\\" data-uri=\\"/api/v1/alerts.json\\"></div>
</div>"
`;

exports[`Alert default behaviour Should be removed on close 1`] = `
"<div><div class=\\"uq-alerts-global-container\\" data-uri=\\"/api/v1/alerts.json\\"></div>
</div>"
`;

exports[`Alert default behaviour Should load from json 1`] = `
"<div><div class=\\"uq-alerts-global-container\\" data-uri=\\"/api/v1/alerts.json\\"><div><div class=\\"sitewide-alert alert alert-warning uq-alert uq-alert--warning uq-alert--dark uq-alert--global\\" data-uuid=\\"8da600f4-0a64-4df5-8bc5-a410d7496a26\\" role=\\"alert\\">
  <div class=\\"uq-alert__container\\">
    <div class=\\"uq-alert__message\\">
      <h3 class=\\"uq-alert__title visually-hidden\\">Go you</h3><div class=\\"field field-message field-type-text-long field-label-hidden\\">
  
            <p>You're doing a great job. Keep it up!</p>
      </div>
</div>
    <button class=\\"uq-alert__close\\">Close</button>
      </div>
</div>
</div></div>
</div>"
`;

exports[`Alert default behaviour Should match on partial URIs 1`] = `
Document {
  "elementsFromPoint": [Function],
  "location": Location {
    "assign": [Function],
    "hash": "",
    "host": "localhost",
    "hostname": "localhost",
    "href": "http://localhost/",
    "origin": "http://localhost",
    "pathname": "/",
    "port": "",
    "protocol": "http:",
    "reload": [Function],
    "replace": [Function],
    "search": "",
    "toString": [Function],
  },
}
`;
